001: rcu: INFO: rcu_sched self-detected stall on CPU
001: rcu: 	1-....: (916 ticks this GP) idle=69a/1/0x4000000000000002 softirq=18135/18138 fqs=365 
001: 	(t=21513 jiffies g=17485 q=318)
001: NMI backtrace for cpu 1
001: CPU: 1 PID: 4931 Comm: syz-executor.1 Not tainted 5.6.0-rt1+ #2
001: Hardware name: QEMU Standard PC (i440FX + PIIX, 1996), BIOS rel-1.12.0-59-gc9ba5276e321-prebuilt.qemu.org 04/01/2014
001: Call Trace:
001:  <IRQ>
001:  dump_stack+0x95/0xce
001:  nmi_cpu_backtrace.cold+0x55/0x94
001:  nmi_trigger_cpumask_backtrace+0x155/0x19b
001:  rcu_dump_cpu_stacks+0x15d/0x1a7
001:  rcu_sched_clock_irq.cold+0x4c8/0x90b
001:  update_process_times+0x24/0x60
001:  tick_sched_handle+0x10f/0x150
001:  tick_sched_timer+0x41/0x120
001:  __hrtimer_run_queues+0x308/0x7c0
001:  hrtimer_interrupt+0x2c9/0x6c0
001:  smp_apic_timer_interrupt+0xd4/0x380
001:  apic_timer_interrupt+0xf/0x20
001:  </IRQ>
001: RIP: 0010:memset_erms+0x9/0x10
001: Code: c1 e9 03 40 0f b6 f6 48 b8 01 01 01 01 01 01 01 01 48 0f af c6 f3 48 ab 89 d1 f3 aa 4c 89 c8 c3 90 49 89 f9 40 88 f0 48 89 d1 <f3> aa 4c 89 c8 c3 90 49 89 fa 40 0f b6 ce 48 b8 01 01 01 01 01 01
001: RSP: 0018:ffff8880663d7ab0 EFLAGS: 00010246 ORIG_RAX: ffffffffffffff13
001: RAX: 0000000000000000 RBX: ffff88806bc57000 RCX: 000000000aaab000
001: RDX: 0000000041650000 RSI: 0000000000000000 RDI: ffffc9003f940000
001: RBP: ffffc90008d9b000 R08: 0000000000000001 R09: ffffc90008d9b000
001: R10: fffff5200947d5ff R11: ffffc9004a3eafff R12: ffff888069123c00
001: R13: 000000000004164f R14: 0000000000000000 R15: 0000000000041650
001:  relay_open_buf.part.0+0x491/0xb10
001:  relay_open+0x4e6/0x950
001:  do_blk_trace_setup+0x3c0/0xab0
001:  __blk_trace_setup+0xb6/0x150
001:  blk_trace_setup+0x41/0x60
001:  sg_ioctl_common+0x50c/0x22d0
001:  sg_ioctl+0x8b/0x110
001:  ksys_ioctl+0xe4/0x130
001:  __x64_sys_ioctl+0x6f/0xb0
001:  do_syscall_64+0x9c/0x390
001:  entry_SYSCALL_64_after_hwframe+0x44/0xa9
001: RIP: 0033:0x46817d
001: Code: 02 b8 ff ff ff ff c3 66 0f 1f 44 00 00 f3 0f 1e fa 48 89 f8 48 89 f7 48 89 d6 48 89 ca 4d 89 c2 4d 89 c8 4c 8b 4c 24 08 0f 05 <48> 3d 01 f0 ff ff 73 01 c3 48 c7 c1 bc ff ff ff f7 d8 64 89 01 48
001: RSP: 002b:00007fb946834c58 EFLAGS: 00000246 ORIG_RAX: 0000000000000010
001: RAX: ffffffffffffffda RBX: 000000000057cf00 RCX: 000000000046817d
001: RDX: 00000000200022c0 RSI: 00000000c0481273 RDI: 0000000000000003
001: RBP: 00000000004c4725 R08: 0000000000000000 R09: 0000000000000000
001: R10: 0000000000000000 R11: 0000000000000246 R12: 000000000057cf00
001: R13: 00007fff0f2b356f R14: 00007fff0f2b3700 R15: 00007fb946834dc0
000: syz-executor.3 (438) used greatest stack depth: 24976 bytes left
001: oom_reaper: reaped process 4931 (syz-executor.1), now anon-rss:0kB, file-rss:34812kB, shmem-rss:0kB
001: syz-executor.1 invoked oom-killer: gfp_mask=0xcc0(GFP_KERNEL), order=0, oom_score_adj=1000
001: CPU: 1 PID: 4931 Comm: syz-executor.1 Not tainted 5.6.0-rt1+ #2
001: Hardware name: QEMU Standard PC (i440FX + PIIX, 1996), BIOS rel-1.12.0-59-gc9ba5276e321-prebuilt.qemu.org 04/01/2014
001: Call Trace:
001:  dump_stack+0x95/0xce
001:  dump_header+0x108/0xa41
001:  oom_kill_process.cold+0x95/0xad
001:  out_of_memory+0x262/0x1530
001:  __alloc_pages_slowpath+0x1959/0x1fd0
001:  __alloc_pages_nodemask+0x454/0x610
001:  alloc_pages_current+0xe7/0x1e0
001:  relay_open_buf.part.0+0x25f/0xb10
001:  relay_open+0x4e6/0x950
001:  do_blk_trace_setup+0x3c0/0xab0
001:  __blk_trace_setup+0xb6/0x150
001:  blk_trace_setup+0x41/0x60
001:  sg_ioctl_common+0x50c/0x22d0
001:  sg_ioctl+0x8b/0x110
001:  ksys_ioctl+0xe4/0x130
001:  __x64_sys_ioctl+0x6f/0xb0
001:  do_syscall_64+0x9c/0x390
001:  entry_SYSCALL_64_after_hwframe+0x44/0xa9
001: RIP: 0033:0x46817d
001: Code: Bad RIP value.
001: RSP: 002b:00007fb946834c58 EFLAGS: 00000246 ORIG_RAX: 0000000000000010
001: RAX: ffffffffffffffda RBX: 000000000057cf00 RCX: 000000000046817d
001: RDX: 00000000200022c0 RSI: 00000000c0481273 RDI: 0000000000000003
001: RBP: 00000000004c4725 R08: 0000000000000000 R09: 0000000000000000
001: R10: 0000000000000000 R11: 0000000000000246 R12: 000000000057cf00
001: R13: 00007fff0f2b356f R14: 00007fff0f2b3700 R15: 00007fb946834dc0
001: Mem-Info:
001: active_anon:2338 inactive_anon:8722 isolated_anon:17
001:  active_file:2 inactive_file:21 isolated_file:0
001:  unevictable:0 dirty:10 writeback:8 unstable:0
001:  slab_reclaimable:4762 slab_unreclaimable:20478
001:  mapped:8911 shmem:8774 pagetables:303 bounce:0
001:  free:3303 free_pcp:293 free_cma:0
001: Node 0 active_anon:9352kB inactive_anon:34888kB active_file:8kB inactive_file:84kB unevictable:0kB isolated(anon):68kB isolated(file):0kB mapped:35644kB dirty:40kB writeback:32kB shmem:35096kB writeback_tmp:0kB unstable:0kB all_unreclaimable? no
001: Node 0 DMA free:6644kB min:48kB low:60kB high:72kB reserved_highatomic:0KB active_anon:0kB inactive_anon:0kB active_file:0kB inactive_file:0kB unevictable:0kB writepending:0kB present:15992kB managed:15908kB mlocked:0kB kernel_stack:0kB pagetables:0kB bounce:0kB free_pcp:0kB local_pcp:0kB free_cma:0kB
001: lowmem_reserve[]: 0 1655 1655 1655
001: Node 0 DMA32 free:6568kB min:15416kB low:17108kB high:18800kB reserved_highatomic:0KB active_anon:9520kB inactive_anon:34552kB active_file:568kB inactive_file:484kB unevictable:0kB writepending:0kB present:2080640kB managed:1696692kB mlocked:0kB kernel_stack:2688kB pagetables:1212kB bounce:0kB free_pcp:1172kB local_pcp:828kB free_cma:0kB
001: lowmem_reserve[]: 0 0 0 0
001: Node 0 DMA: 1*4kB (U) 0*8kB 1*16kB (U) 1*32kB (U) 1*64kB (U) 1*128kB (U) 1*256kB (U) 0*512kB 0*1024kB 1*2048kB (M) 1*4096kB (M) = 6644kB
001: Node 0 DMA32: 632*4kB (UME) 227*8kB (UME) 82*16kB (UME) 29*32kB (UM) 0*64kB 0*128kB 0*256kB 0*512kB 0*1024kB 0*2048kB 0*4096kB = 6584kB
001: Node 0 hugepages_total=0 hugepages_free=0 hugepages_surp=0 hugepages_size=2048kB
001: 8824 total pagecache pages
001: 0 pages in swap cache
001: Swap cache stats: add 0, delete 0, find 0/0
001: Free swap  = 0kB
001: Total swap = 0kB
001: 524158 pages RAM
001: 0 pages HighMem/MovableOnly
001: 96008 pages reserved
001: Unreclaimable slab info:
001: Name                      Used          Total
001: pid_3                      7KB          7KB
001: pid_2                     66KB         66KB
001: p9_req_t                   7KB          7KB
001: fib6_nodes                12KB         12KB
001: ip6_dst_cache              7KB          7KB
001: RAWv6                    102KB        157KB
001: UDPLITEv6                 94KB         94KB
001: UDPv6                     63KB         63KB
001: TCPv6                     63KB         63KB
001: scsi_sense_cache           8KB          8KB
001: sd_ext_cdb                 3KB          3KB
001: virtio_scsi_cmd           16KB         16KB
001: sgpool-128                89KB         89KB
001: sgpool-64                 63KB         63KB
001: sgpool-32                 47KB         47KB
001: sgpool-16                 22KB         22KB
001: sgpool-8                  41KB         63KB
001: mqueue_inode_cache         32KB         32KB
001: nfs_commit_data           15KB         15KB
001: nfs_write_data            32KB         32KB
001: jbd2_inode                 7KB          7KB
001: ext4_system_zone           3KB          3KB
001: ext4_io_end_vec            7KB          7KB
001: ext4_bio_post_read_ctx          8KB          8KB
001: io_kiocb                   7KB          7KB
001: kioctx                    31KB         31KB
001: aio_kiocb                 24KB         24KB
001: bio-2                      4KB          4KB
001: fasync_cache               4KB          4KB
001: pid_namespace              7KB          7KB
001: posix_timers_cache          7KB          7KB
001: rpc_buffers               31KB         31KB
001: rpc_tasks                  3KB          3KB
001: UNIX                     178KB        252KB
001: UDP-Lite                  30KB         30KB
001: tcp_bind_bucket            8KB          8KB
001: xfrm_state                31KB         31KB
001: ip_fib_trie                8KB          8KB
001: ip_fib_alias               7KB          7KB
001: ip_dst_cache               8KB          8KB
001: RAW                       63KB         63KB
001: UDP                       75KB         75KB
001: tw_sock_TCP                3KB          3KB
001: request_sock_TCP           7KB          7KB
001: TCP                       60KB         60KB
001: hugetlbfs_inode_cache         30KB         30KB
001: bio-1                     11KB         11KB
001: eventpoll_pwq             23KB         23KB
001: eventpoll_epi             35KB         35KB
001: inotify_inode_mark         19KB         19KB
001: request_queue             62KB         62KB
001: blkdev_ioc                 7KB          7KB
001: bio-0                     37KB         48KB
001: biovec-max               446KB        446KB
001: biovec-64                126KB        189KB
001: biovec-16                 15KB         15KB
001: uid_cache                  7KB          7KB
001: dmaengine-unmap-2          4KB          4KB
001: audit_buffer               7KB          7KB
001: skbuff_fclone_cache        105KB        105KB
001: skbuff_head_cache        191KB        206KB
001: file_lock_cache           57KB         65KB
001: file_lock_ctx              7KB          7KB
001: fsnotify_mark_connector          7KB          7KB
001: net_namespace             61KB         61KB
001: task_delay_info           74KB         74KB
001: taskstats                 38KB         38KB
001: proc_dir_entry           264KB        264KB
001: pde_opener                31KB         31KB
001: seq_file                 137KB        137KB
001: sigqueue                  82KB         82KB
001: shmem_inode_cache        993KB       1104KB
001: kernfs_iattrs_cache         11KB         11KB
001: kernfs_node_cache       3045KB       3075KB
001: mnt_cache                141KB        141KB
001: filp                     827KB        948KB
001: names_cache            32661KB      33944KB
001: hashtab_node             422KB        422KB
001: ebitmap_node            1165KB       1165KB
001: avtab_node              4996KB       4996KB
001: avc_node                 189KB        237KB
001: lsm_inode_cache         1409KB       1411KB
001: lsm_file_cache           170KB        192KB
001: key_jar                   15KB         15KB
001: uts_namespace             15KB         15KB
001: nsproxy                    7KB          7KB
001: vm_area_struct          1237KB       1472KB
001: mm_struct                195KB        252KB
001: fs_cache                  84KB         84KB
001: files_cache              221KB        293KB
001: signal_cache             266KB        308KB
001: sighand_cache            275KB        275KB
001: task_struct             1524KB       1863KB
001: cred_jar                 267KB        288KB
001: anon_vma_chain           369KB        401KB
001: anon_vma                 126KB        126KB
001: pid                       84KB         84KB
001: Acpi-Operand             128KB        166KB
001: Acpi-ParseExt             27KB         27KB
001: Acpi-Parse               225KB        245KB
001: Acpi-State               106KB        122KB
001: Acpi-Namespace            24KB         24KB
001: numa_policy                7KB          7KB
001: trace_event_file         147KB        147KB
001: ftrace_event_field        256KB        256KB
001: pool_workqueue            16KB         16KB
001: vmap_area                161KB        161KB
001: dma-kmalloc-512           16KB         16KB
001: kmalloc-8k               816KB        864KB
001: kmalloc-4k              6640KB       7168KB
001: kmalloc-2k              2080KB       2272KB
001: kmalloc-1k              1634KB       1664KB
001: kmalloc-512              845KB       1072KB
001: kmalloc-256              816KB        816KB
001: kmalloc-192              184KB        204KB
001: kmalloc-128              116KB        152KB
001: kmalloc-96               280KB        280KB
001: kmalloc-64              1179KB       1220KB
001: kmalloc-32               602KB        652KB
001: kmalloc-16              1296KB       1296KB
001: kmalloc-8                173KB        195KB
001: kmem_cache_node           32KB         32KB
001: kmem_cache                75KB         75KB
001: Tasks state (memory values in pages):
001: [  pid  ]   uid  tgid total_vm      rss pgtables_bytes swapents oom_score_adj name
001: [    121]     0   121    17672      307   118784        0             0 systemd-journal
001: [    138]     0   138    11385      421   122880        0         -1000 systemd-udevd
001: [    185]   100   185    31823      122   155648        0             0 systemd-timesyn
001: [    210]     0   210     7000       61   106496        0             0 cron
001: [    213]     0   213    63584      167   151552        0             0 rsyslogd
001: [    240]     0   240     5091      259    65536        0             0 dhclient
001: [    260]     0   260     3222       33    77824        0             0 agetty
001: [    261]     0   261     3222       33    69632        0             0 agetty
001: [    262]     0   262     3166       31    69632        0             0 agetty
001: [    263]     0   263     3222       31    73728        0             0 agetty
001: [    264]     0   264     3222       32    73728        0             0 agetty
001: [    265]     0   265     3222       32    69632        0             0 agetty
001: [    266]     0   266     3222       32    69632        0             0 agetty
001: [    268]     0   268    17491      194   176128        0         -1000 sshd
001: [   4931]     0  4928    21337     8703   131072        0          1000 syz-executor.1
001: oom-kill:constraint=CONSTRAINT_NONE,nodemask=(null),cpuset=/,mems_allowed=0,task=systemd-journal,pid=121,uid=0
001: Out of memory: Killed process 121 (systemd-journal) total-vm:70688kB, anon-rss:528kB, file-rss:4kB, shmem-rss:696kB, UID:0 pgtables:116kB oom_score_adj:0
001: syz-executor.1: page allocation failure: order:0, mode:0xcc0(GFP_KERNEL), nodemask=(null),cpuset=/,mems_allowed=0
001: CPU: 1 PID: 4931 Comm: syz-executor.1 Not tainted 5.6.0-rt1+ #2
001: Hardware name: QEMU Standard PC (i440FX + PIIX, 1996), BIOS rel-1.12.0-59-gc9ba5276e321-prebuilt.qemu.org 04/01/2014
001: Call Trace:
001:  dump_stack+0x95/0xce
001:  warn_alloc.cold+0x87/0x18d
001:  __alloc_pages_slowpath+0x1a9d/0x1fd0
001:  __alloc_pages_nodemask+0x454/0x610
001:  alloc_pages_current+0xe7/0x1e0
001:  relay_open_buf.part.0+0x25f/0xb10
001:  relay_open+0x4e6/0x950
001:  do_blk_trace_setup+0x3c0/0xab0
001:  __blk_trace_setup+0xb6/0x150
001:  blk_trace_setup+0x41/0x60
001:  sg_ioctl_common+0x50c/0x22d0
001:  sg_ioctl+0x8b/0x110
001:  ksys_ioctl+0xe4/0x130
001:  __x64_sys_ioctl+0x6f/0xb0
001:  do_syscall_64+0x9c/0x390
001:  entry_SYSCALL_64_after_hwframe+0x44/0xa9
001: RIP: 0033:0x46817d
001: Code: Bad RIP value.
001: RSP: 002b:00007fb946834c58 EFLAGS: 00000246 ORIG_RAX: 0000000000000010
001: RAX: ffffffffffffffda RBX: 000000000057cf00 RCX: 000000000046817d
001: RDX: 00000000200022c0 RSI: 00000000c0481273 RDI: 0000000000000003
001: RBP: 00000000004c4725 R08: 0000000000000000 R09: 0000000000000000
001: R10: 0000000000000000 R11: 0000000000000246 R12: 000000000057cf00
001: R13: 00007fff0f2b356f R14: 00007fff0f2b3700 R15: 00007fb946834dc0
001: Mem-Info:
001: active_anon:2338 inactive_anon:8722 isolated_anon:17
001:  active_file:2 inactive_file:21 isolated_file:0
001:  unevictable:0 dirty:10 writeback:8 unstable:0
001:  slab_reclaimable:4762 slab_unreclaimable:20478
001:  mapped:8911 shmem:8774 pagetables:303 bounce:0
001:  free:3303 free_pcp:293 free_cma:0
001: Node 0 active_anon:9352kB inactive_anon:34888kB active_file:8kB inactive_file:84kB unevictable:0kB isolated(anon):68kB isolated(file):0kB mapped:35644kB dirty:40kB writeback:32kB shmem:35096kB writeback_tmp:0kB unstable:0kB all_unreclaimable? no
001: Node 0 DMA free:6644kB min:48kB low:60kB high:72kB reserved_highatomic:0KB active_anon:0kB inactive_anon:0kB active_file:0kB inactive_file:0kB unevictable:0kB writepending:0kB present:15992kB managed:15908kB mlocked:0kB kernel_stack:0kB pagetables:0kB bounce:0kB free_pcp:0kB local_pcp:0kB free_cma:0kB
001: lowmem_reserve[]: 0 1655 1655 1655
001: Node 0 DMA32 free:6568kB min:15416kB low:17108kB high:18800kB reserved_highatomic:0KB active_anon:9520kB inactive_anon:34552kB active_file:568kB inactive_file:484kB unevictable:0kB writepending:0kB present:2080640kB managed:1696692kB mlocked:0kB kernel_stack:2688kB pagetables:1212kB bounce:0kB free_pcp:1172kB local_pcp:828kB free_cma:0kB
001: lowmem_reserve[]: 0 0 0 0
001: Node 0 DMA: 1*4kB (U) 0*8kB 1*16kB (U) 1*32kB (U) 1*64kB (U) 1*128kB (U) 1*256kB (U) 0*512kB 0*1024kB 1*2048kB (M) 1*4096kB (M) = 6644kB
001: Node 0 DMA32: 632*4kB (UME) 227*8kB (UME) 82*16kB (UME) 29*32kB (UM) 0*64kB 0*128kB 0*256kB 0*512kB 0*1024kB 0*2048kB 0*4096kB = 6584kB
001: Node 0 hugepages_total=0 hugepages_free=0 hugepages_surp=0 hugepages_size=2048kB
001: 8824 total pagecache pages
001: 0 pages in swap cache
001: Swap cache stats: add 0, delete 0, find 0/0
001: Free swap  = 0kB
001: Total swap = 0kB
001: 524158 pages RAM
001: 0 pages HighMem/MovableOnly
001: 96008 pages reserved
001: oom_reaper: reaped process 121 (systemd-journal), now anon-rss:0kB, file-rss:0kB, shmem-rss:696kB
001: systemd[1]: systemd-journald.service: Failed with result 'signal'.
001: systemd[1]: systemd-journald.service: Service has no hold-off time, scheduling restart.
001: systemd[1]: Stopped Flush Journal to Persistent Storage.
001: systemd[1]: Stopping Flush Journal to Persistent Storage...
001: systemd[1]: Stopped Journal Service.
001: systemd[1]: Starting Journal Service...
001: systemd-journald[4959]: File /run/log/journal/c6e1b1ec26de4a86af4557e6738d50c2/system.journal corrupted or uncleanly shut down, renaming and replacing.
001: systemd[1]: Started Journal Service.
